WorkerThreadPool: 4 threads, 3 max low-priority.
Godot Engine v4.7.2.stable.official.ed1daf0bf - https://godotengine.org
TextServer: Added interface "Dummy"
TextServer: Added interface "ICU / HarfBuzz / Graphite (Built-in)"
SDL: Init OK!
Using "default" pen tablet driver...

TextServer: Primary interface set to: "ICU / HarfBuzz / Graphite (Built-in)".
Loading resource: res://art/fonts/DejaVuSans.ttf remapped: res://art/fonts/DejaVuSans.ttf
Loading resource: res://.godot/imported/DejaVuSans.ttf-860ffe91e288468a48f5efa5d72ad522.fontdata remapped: res://.godot/imported/DejaVuSans.ttf-860ffe91e288468a48f5efa5d72ad522.fontdata
Completed load for: 'res://art/fonts/DejaVuSans.ttf' remapped 'res://art/fonts/DejaVuSans.ttf' at thread -1
CORE API HASH: 2004498165
EDITOR API HASH: 1696660745
SceneTreeFTI: traversal method DEFAULT
Loading resource: /home/runner/.config/godot/editor_settings-4.7.tres remapped: /home/runner/.config/godot/editor_settings-4.7.tres
Completed load for: '/home/runner/.config/godot/editor_settings-4.7.tres' remapped '/home/runner/.config/godot/editor_settings-4.7.tres' at thread -1
EditorSettings: Load OK!
EditorTheme: Generating new theme for the config '3810048042'.
EditorTheme: Generating new icons.
EditorTheme: Generating new fonts.
EditorTheme: Generating new styles.
Loading resource: /home/runner/.cache/godot/editor_doc_cache-4.7.res remapped: /home/runner/.cache/godot/editor_doc_cache-4.7.res
Loaded system CA certificates
Completed load for: '/home/runner/.cache/godot/editor_doc_cache-4.7.res' remapped '/home/runner/.cache/godot/editor_doc_cache-4.7.res' at thread -1
[   0% ] [90m[1mfirst_scan_filesystem[22m | Started Project initialization (5 steps)[39m[0m
[   0% ] [90m[1mfirst_scan_filesystem[22m | Scanning file structure...[39m[0m
[  16% ] [90m[1mfirst_scan_filesystem[22m | Loading global class names...[39m[0m
[  33% ] [90m[1mfirst_scan_filesystem[22m | Verifying GDExtensions...[39m[0m
[  50% ] [90m[1mfirst_scan_filesystem[22m | Creating autoload scripts...[39m[0m
Loading resource: res://autoload/EventBus.gd remapped: res://autoload/EventBus.gd
Completed load for: 'res://autoload/EventBus.gd' remapped 'res://autoload/EventBus.gd' at thread -1
Loading resource: res://autoload/RemoteConfig.gd remapped: res://autoload/RemoteConfig.gd
Completed load for: 'res://autoload/RemoteConfig.gd' remapped 'res://autoload/RemoteConfig.gd' at thread -1
Loading resource: res://autoload/ContentDB.gd remapped: res://autoload/ContentDB.gd
Completed load for: 'res://autoload/ContentDB.gd' remapped 'res://autoload/ContentDB.gd' at thread -1
Loading resource: res://autoload/InteractionFX.gd remapped: res://autoload/InteractionFX.gd
Completed load for: 'res://autoload/InteractionFX.gd' remapped 'res://autoload/InteractionFX.gd' at thread -1
Loading resource: res://autoload/AdsManager.gd remapped: res://autoload/AdsManager.gd
Completed load for: 'res://autoload/AdsManager.gd' remapped 'res://autoload/AdsManager.gd' at thread -1
Loading resource: res://autoload/ShareManager.gd remapped: res://autoload/ShareManager.gd
Loading resource: res://art/fonts/DejaVuSans-Bold.ttf remapped: res://art/fonts/DejaVuSans-Bold.ttf
Loading resource: res://.godot/imported/DejaVuSans-Bold.ttf-80b8b583c69bb78c7442adf02aa87e4e.fontdata remapped: res://.godot/imported/DejaVuSans-Bold.ttf-80b8b583c69bb78c7442adf02aa87e4e.fontdata
Completed load for: 'res://art/fonts/DejaVuSans-Bold.ttf' remapped 'res://art/fonts/DejaVuSans-Bold.ttf' at thread -1
Completed load for: 'res://autoload/ShareManager.gd' remapped 'res://autoload/ShareManager.gd' at thread -1
Loading resource: res://autoload/NotificationManager.gd remapped: res://autoload/NotificationManager.gd
Completed load for: 'res://autoload/NotificationManager.gd' remapped 'res://autoload/NotificationManager.gd' at thread -1
[  66% ] [90m[1mfirst_scan_filesystem[22m | Initializing plugins...[39m[0m
[  83% ] [90m[1mfirst_scan_filesystem[22m | Starting file scan...[39m[0m
[92m[ DONE ][39m [1mfirst_scan_filesystem[22m
[0m
ERROR: Cannot export project with preset "Android Playtest" due to configuration errors:
"Min SDK" can only be overridden when "Use Gradle Build" is enabled.
"Target SDK" can only be overridden when "Use Gradle Build" is enabled.
ETC2/ASTC texture compression is required for Android export. In Project Settings, search for 'ETC2' in the search field, or enable 'Advanced Settings' and go to Rendering > Textures > VRAM Compression to enable 'Import ETC2 ASTC'.

   at: _fs_changed (editor/editor_node.cpp:1401)
ERROR: Project export for preset "Android Playtest" failed.
   at: _fs_changed (editor/editor_node.cpp:1417)
Script docs haven't been properly loaded or regenerated, so don't save them to disk.
EditorSettings: Save OK!
XR: Clearing primary interface
XR: Removed interface "Native mobile"
XR: Removed interface "OpenXR"
Orphan StringName: Node (static: 4, total: 5)
StringName: 1 unclaimed string names at exit.
